contract_id	member_id	annual_use	payerowner
44944	351	2683	1
26010	351	690	1
3662	351	412	1
150	351	2092	2
149	351	1195	2
22309	3071	1290	1
22502	3071	832	2
12652	6981	1704	1
15212	8899	9411	2
32325	14014	2070	1
32327	14014	1083	1
45653	17562	3840	1
50606	17562	12000	2
