polissa_id	soci_id	prioridad
03541	400	1
13454	400	1
22161	400	1
00149	400	2
00150	400	2
11839	4320	1
11925	4320	2
07664	10283	1
08765	13846	2
16189	24500	1
16190	24500	1
22520	32922	2
25038	32922	2
